   Creating an optimized production build...
node.exe : Browserslist: caniuse-lite is outdated. Please run:
At line:1 char:1
+ & "C:\Program Files\nodejs/node.exe" "C:\Program Files\nodejs/node_mo ...
+ ~~~~~~~~~~~~~~~~~~~~~~~~~~~~~~~~~~~~~~~~~~~~~~~~~~~~~~~~~~~~~~~~~~~~~
    + CategoryInfo          : NotSpecified: (Browserslist: c...ed. Please run::String) [], RemoteException
    + FullyQualifiedErrorId : NativeCommandError
 
  npx update-browserslist-db@latest
  Why you should do it regularly: https://github.com/browserslist/update-db#readme
 ÔÜá Compiled with warnings

./node_modules/@supabase/realtime-js/dist/main/RealtimeClient.js
Critical dependency: the request of a dependency is an expression

Import trace for requested module:
./node_modules/@supabase/realtime-js/dist/main/RealtimeClient.js
./node_modules/@supabase/realtime-js/dist/main/index.js
./node_modules/@supabase/supabase-js/dist/main/index.js
./lib/supabaseClient.ts
./contexts/auth-context.tsx

   Skipping linting
   Checking validity of types...
   Collecting page data...
   Generating static pages (0/11)...

   Generating static pages (2/11)


   Generating static pages (5/11)


   Generating static pages (8/11)


 Ô£ô Generating static pages (11/11)
   Finalizing page optimization...

Route (app)                              Size     First Load JS
Ôöî Ôùï /                                    2.97 kB         169 kB
Ôö£ Ôùï /_not-found                          874 B          80.4 kB
Ôö£ Ôùï /account                             3.97 kB         170 kB
Ôö£ ╬╗ /analysis/[id]                       10.8 kB         198 kB
Ôö£ ╬╗ /analysis/[id]/edit                  1.19 kB         179 kB
Ôö£ Ôùï /analysis/new                        481 B           178 kB
Ôö£ ╬╗ /analysis/new/[id]                   3.68 kB         273 kB
Ôö£ ╬╗ /api/version                         0 B                0 B
Ôö£ Ôùï /auth                                4.22 kB         141 kB
Ôö£ Ôùï /dashboard                           8.64 kB         278 kB
Ôö£ Ôùï /pricing                             1.96 kB         168 kB
Ôö£ Ôùï /products                            9.44 kB         197 kB
Ôöö Ôùï /settings                            5.49 kB         171 kB
+ First Load JS shared by all            79.5 kB
  Ôö£ chunks/864-70482cadf61852bb.js       26.6 kB
  Ôö£ chunks/fd9d1056-855669e19839cb29.js  50.9 kB
  Ôö£ chunks/main-app-1c32138e616bd065.js  226 B
  Ôöö chunks/webpack-96b17611e27fa454.js   1.79 kB


╬╗  (Server)  server-side renders at runtime (uses getInitialProps or getServerSideProps)
Ôùï  (Static)  automatically rendered as static HTML (uses no initial props)

